src/components/dashboard/Dashboard.tsx(221,13): error TS2322: Type 'string | undefined' is not assignable to type 'string'.
  Type 'undefined' is not assignable to type 'string'.
src/components/mapas/BibliotecaMapas.tsx(3,27): error TS6133: 'formatearTamano' is declared but its value is never read.
src/components/mapas/BibliotecaMapas.tsx(100,60): error TS2345: Argument of type '{ nombre: string; descripcion: string; categoria: string; imagen: { data: string; contentType: string; } | null; width: number; height: number; etiquetas: string[]; esPublico: boolean; }' is not assignable to parameter of type 'Omit<BibliotecaMapa, "_id" | "fechaCreacion" | "creadoPor">'.
  Types of property 'imagen' are incompatible.
    Type '{ data: string; contentType: string; } | null' is not assignable to type '{ data: string; contentType: string; }'.
      Type 'null' is not assignable to type '{ data: string; contentType: string; }'.
src/components/reports/FormularioReporte.old.tsx(27,5): error TS2322: Type 'string' is not assignable to type 'ZonaTrabajo'.
src/components/reports/FormularioReporte.old.tsx(28,5): error TS2322: Type 'string' is not assignable to type 'SeccionTrabajo'.
src/components/reports/FormularioReporte.old.tsx(414,17): error TS2322: Type 'ZonaTrabajo' is not assignable to type 'string | number | readonly string[] | undefined'.
src/components/reports/FormularioReporte.old.tsx(415,61): error TS2322: Type 'string' is not assignable to type 'ZonaTrabajo'.
src/components/reports/FormularioReporte.old.tsx(426,17): error TS2322: Type 'SeccionTrabajo' is not assignable to type 'string | number | readonly string[] | undefined'.
src/components/reports/FormularioReporte.old.tsx(427,61): error TS2322: Type 'string' is not assignable to type 'SeccionTrabajo'.
src/components/reports/ListaReportes.tsx(159,23): error TS2322: Type 'string | ZonaTrabajo' is not assignable to type 'ReactNode'.
  Type 'ZonaTrabajo' is not assignable to type 'ReactNode'.
src/components/reports/ListaReportes.tsx(162,23): error TS2322: Type 'string | SeccionTrabajo' is not assignable to type 'ReactNode'.
  Type 'SeccionTrabajo' is not assignable to type 'ReactNode'.
src/components/reports/ListaReportes.tsx(205,71): error TS2322: Type 'ZonaTrabajo' is not assignable to type 'ReactNode'.
src/contexts/AuthContext.tsx(163,25): error TS18048: 'response.data' is possibly 'undefined'.
src/contexts/AuthContext.tsx(166,19): error TS2345: Argument of type '{ proyectos: (Proyecto | undefined)[]; _id?: string; nombre: string; email: string; rol: "admin" | "supervisor" | "jefe en frente"; activo: boolean; fechaCreacion?: string; }' is not assignable to parameter of type 'SetStateAction<User | null>'.
  Type '{ proyectos: (Proyecto | undefined)[]; _id?: string; nombre: string; email: string; rol: "admin" | "supervisor" | "jefe en frente"; activo: boolean; fechaCreacion?: string; }' is not assignable to type 'User'.
    Types of property 'proyectos' are incompatible.
      Type '(Proyecto | undefined)[]' is not assignable to type 'Proyecto[]'.
        Type 'Proyecto | undefined' is not assignable to type 'Proyecto'.
          Type 'undefined' is not assignable to type 'Proyecto'.
