Ô£à Cliente Supabase inicializado correctamente
­ƒôì URL: https://gmephxtyblajcmhxzfbz.supabase.co
­ƒöæ Service Role Key: Configurada
­ƒöô Anon Key: Configurada
­ƒº¬ Probando servicios de cat├ílogos...

--- Probando Materiales ---
Ô£à Materiales obtenido: 5 ├¡tems
   Muestra: {
  "id": "a655bd1f-18cf-426d-a373-c6a7336997fc",
  "nombre": "GRANITO",
  "unidad": null,
  "activo": true,
  "fecha_creacion": "2026-01-08T17:59:47.014+00:00",
  "_id": "a655bd1f-18cf-426d-a373-c6a7336997fc",
  "fechaCreacion": "2026-01-08T17:59:47.014+00:00"
}

--- Probando Or├¡genes ---
Ô£à Or├¡genes obtenido: 2 ├¡tems
   Muestra: {
  "id": "4ade11c1-4f6e-4440-94a2-826211135bc5",
  "nombre": "A",
  "activo": true,
  "fecha_creacion": "2025-12-17T23:01:51.025+00:00",
  "_id": "4ade11c1-4f6e-4440-94a2-826211135bc5",
  "fechaCreacion": "2025-12-17T23:01:51.025+00:00"
}

--- Probando Destinos ---
Ô£à Destinos obtenido: 2 ├¡tems
   Muestra: {
  "id": "f1bab753-984f-4238-8e5a-cda31f015725",
  "nombre": "B",
  "activo": true,
  "fecha_creacion": "2025-12-17T23:01:51.229+00:00",
  "_id": "f1bab753-984f-4238-8e5a-cda31f015725",
  "fechaCreacion": "2025-12-17T23:01:51.229+00:00"
}

--- Probando Capacidades ---
Ô£à Capacidades obtenido: 4 ├¡tems
   Muestra: {
  "id": "21c03bd3-00f6-4cd2-81be-7049f81ad9e8",
  "valor": "1000",
  "etiqueta": "1000 M┬│",
  "activo": true,
  "fecha_creacion": "2025-12-08T23:07:11.465+00:00",
  "_id": "21c03bd3-00f6-4cd2-81be-7049f81ad9e8",
  "fechaCreacion": "2025-12-08T23:07:11.465+00:00"
}

--- Probando Tipos Veh├¡culo ---
Ô£à Tipos Veh├¡culo obtenido: 3 ├¡tems
   Muestra: {
  "id": "b39a38aa-3e99-412a-b9a0-e863812aac7e",
  "nombre": "CAMION",
  "activo": true,
  "fecha_creacion": "2025-12-11T16:22:32.945+00:00",
  "_id": "b39a38aa-3e99-412a-b9a0-e863812aac7e",
  "fechaCreacion": "2025-12-11T16:22:32.945+00:00"
}
